
There are no discarded input sections

Memory Configuration

Name             Origin             Length             Attributes
RAM              0x80000000         0x01000000         xrw
*default*        0x00000000         0xffffffff

Linker script and memory map

LOAD /tmp/ccta67jY.o
LOAD /tmp/ccTHI3Gv.o
                0x80000000                        . = ORIGIN (RAM)

.text           0x80000000       0x68
 *(.text.start)
 .text.start    0x80000000       0x22 /tmp/ccta67jY.o
                0x80000000                _start
 *(.text*)
 .text          0x80000022        0x0 /tmp/ccta67jY.o
 .text          0x80000022        0xe /tmp/ccTHI3Gv.o
 .text.startup  0x80000030       0x1e /tmp/ccTHI3Gv.o
                0x80000030                main
 *(.rodata*)
 *fill*         0x8000004e        0x2 
 .rodata.str1.4
                0x80000050       0x18 /tmp/ccTHI3Gv.o

.rela.dyn       0x80000068        0x0
 .rela.text.start
                0x80000068        0x0 /tmp/ccta67jY.o

.data           0x80000068        0x0
 *(.data*)
 .data          0x80000068        0x0 /tmp/ccta67jY.o
 .data          0x80000068        0x0 /tmp/ccTHI3Gv.o

.bss            0x80000068        0x8
                0x80000070                        . = ALIGN (0x10)
 *fill*         0x80000068        0x8 
                0x80000070                        __bss_start = .
 *(.bss*)
 .bss           0x80000070        0x0 /tmp/ccta67jY.o
 .bss           0x80000070        0x0 /tmp/ccTHI3Gv.o
 *(COMMON)
                0x80000070                        . = ALIGN (0x10)
                0x80000070                        __bss_end = .
                0x80000070                        . = ALIGN (0x10)
                0x80fffff0                        __stack_top = ((ORIGIN (RAM) + LENGTH (RAM)) - 0x10)
OUTPUT(hello elf32-littleriscv)

.riscv.attributes
                0x00000000       0x42
 .riscv.attributes
                0x00000000       0x40 /tmp/ccta67jY.o
 .riscv.attributes
                0x00000040       0x42 /tmp/ccTHI3Gv.o

.comment        0x00000000        0xf
 .comment       0x00000000        0xf /tmp/ccTHI3Gv.o
                                 0x10 (size before relaxing)

.note.GNU-stack
                0x00000000        0x0
 .note.GNU-stack
                0x00000000        0x0 /tmp/ccTHI3Gv.o
